C51 COMPILER V9.54   CONFIGURE                                                             05/25/2024 21:39:50 PAGE 1   


C51 COMPILER V9.54, COMPILATION OF MODULE CONFIGURE
OBJECT MODULE PLACED IN .\Objects\configure.obj
COMPILER INVOKED BY: D:\Keil51\C51\BIN\C51.EXE configure.c OPTIMIZE(8,SPEED) BROWSE DEBUG OBJECTEXTEND PRINT(.\Listings\
                    -configure.lst) OBJECT(.\Objects\configure.obj)

line level    source

   1          #include <STC15F2K60S2.H>
   2          #include "intrins.h"
   3          typedef unsigned char u8;
   4          typedef unsigned int u16;
   5          
   6          //变量用code，节省ram资源
   7          code u8 SMG_NoDot[10]={0xC0,0xF9,0xA4,0xB0,0x99,0x92,0x82,0xF8,0x80,0x90};
   8          //1   2   3   4   5   6   7   8   9
   9          code u8 SMG_Dot[10]={0x40,0x79,0x24,0x30,0x19,0x12,0x02,0x78,0x00,0x10};
  10          // 0. 1. 2. 3. 4. 5. 6. 7. 8. 9.
  11          u8 smg_data[8]={255,255,255,255,255,255,255,255};
  12          
  13          void HC138_Init(u8 num1,num2)   //锁存器封装
  14          {
  15   1              P2 = P2&0x1f;
  16   1              P0 = num2;              //先P0，再选P2
  17   1              switch(num1)
  18   1              {
  19   2                      case 4: P2=(P2&0x1f)|0x80; break;
  20   2                      case 5: P2=(P2&0x1f)|0xa0; break;
  21   2                      case 6: P2=(P2&0x1f)|0xc0; break;
  22   2                      case 7: P2=(P2&0x1f)|0xe0; break;
  23   2              }
  24   1              P2 = P2&0x1f;
  25   1      }
  26          void smg_bit()          //数码管封装，直接在1ms中断调用刷新
  27          {
  28   1              static u8 pos=0;        //1ms刷新一个数码管
  29   1              HC138_Init(7,0xff);
  30   1              HC138_Init(6,0x01<<pos);
  31   1              HC138_Init(7,smg_data[pos]);
  32   1              if(++pos==8)    pos=0;
  33   1      }


MODULE INFORMATION:   STATIC OVERLAYABLE
   CODE SIZE        =    119    ----
   CONSTANT SIZE    =     20    ----
   XDATA SIZE       =   ----    ----
   PDATA SIZE       =   ----    ----
   DATA SIZE        =      9    ----
   IDATA SIZE       =   ----    ----
   BIT SIZE         =   ----    ----
END OF MODULE INFORMATION.


C51 COMPILATION COMPLETE.  0 WARNING(S),  0 ERROR(S)
